[36mvite v8.0.10 [32mbuilding client environment for production...[36m[39m
[2K
transforming...Ô£ô 2139 modules transformed.
rendering chunks...
node : [31mÔ£ù[39m Build failed in 5.30s
At line:1 char:1
+ node node_modules\vite\bin\vite.js build > build_output.txt 2>&1
+ ~~~~~~~~~~~~~~~~~~~~~~~~~~~~~~~~~~~~~~~~~~~~~~~~~~~~~~~~~~~~~~~~
    + CategoryInfo          : NotSpecified: ([31mÔ£ù[39m Build failed in 5.30s:String) [], RemoteException
    + FullyQualifiedErrorId : NativeCommandError
 
[31merror during build:
[31mBuild failed with 2 errors:

[31m[MISSING_EXPORT] Error:[0m "default" is not exported by "src/sections/Skills.ts".
   [38;5;246mÔò¡[0m[38;5;246mÔöÇ[0m[38;5;246m[[0m src/App.tsx:4:8 [38;5;246m][0m
   [38;5;246mÔöé[0m
 [38;5;246m4 Ôöé[0m 
[38;5;249mi[0m[38;5;249mm[0m[38;5;249mp[0m[38;5;249mo[0m[38;5;249mr[0m[38;5;249mt[0m[38;5;249m 
[0mSkills[38;5;249m [0m[38;5;249mf[0m[38;5;249mr[0m[38;5;249mo[0m[38;5;249mm[0m[38;5;249m [0m[38;5;249m"
[0m[38;5;249m.[0m[38;5;249m/[0m[38;5;249ms[0m[38;5;249me[0m[38;5;249mc[0m[38;5;249mt[0m[38;5;249mi[0m[38
;5;249mo[0m[38;5;249mn[0m[38;5;249ms[0m[38;5;249m/[0m[38;5;249mS[0m[38;5;249mk[0m[38;5;249mi[0m[38;5;249m
l[0m[38;5;249ml[0m[38;5;249ms[0m[38;5;249m"[0m[38;5;249m;[0m
 [38;5;240m  Ôöé[0m        ÔöÇÔöÇÔöÇÔö¼ÔöÇÔöÇ  
 [38;5;240m  Ôöé[0m           Ôò░ÔöÇÔöÇÔöÇÔöÇ Missing export
[38;5;246mÔöÇÔöÇÔöÇÔò»[0m

[31m[MISSING_EXPORT] Error:[0m "SiCss3" is not exported by "node_modules/react-icons/si/index.mjs".
   [38;5;246mÔò¡[0m[38;5;246mÔöÇ[0m[38;5;246m[[0m src/sections/Skills.ts:1:19 [38;5;246m][0m
   [38;5;246mÔöé[0m
 [38;5;246m1 Ôöé[0m 
[38;5;249mi[0m[38;5;249mm[0m[38;5;249mp[0m[38;5;249mo[0m[38;5;249mr[0m[38;5;249mt[0m[38;5;249m 
[0m[38;5;249m{[0m[38;5;249m [0m[38;5;249mS[0m[38;5;249mi[0m[38;5;249mH[0m[38;5;249mt[0m[38;5;249mm[0m[3
8;5;249ml[0m[38;5;249m5[0m[38;5;249m,[0m[38;5;249m [0mSiCss3[38;5;249m,[0m[38;5;249m [0m[38;5;249mS[0m[38
;5;249mi[0m[38;5;249mJ[0m[38;5;249ma[0m[38;5;249mv[0m[38;5;249ma[0m[38;5;249ms[0m[38;5;249mc[0m[38;5;249m
r[0m[38;5;249mi[0m[38;5;249mp[0m[38;5;249mt[0m[38;5;249m,[0m[38;5;249m [0m[38;5;249mS[0m[38;5;249mi[0m[
38;5;249mR[0m[38;5;249me[0m[38;5;249ma[0m[38;5;249mc[0m[38;5;249mt[0m[38;5;249m,[0m[38;5;249m [0m[38;5;24
9mS[0m[38;5;249mi[0m[38;5;249mM[0m[38;5;249mo[0m[38;5;249mn[0m[38;5;249mg[0m[38;5;249mo[0m[38;5;249md[0m
[38;5;249mb[0m[38;5;249m,[0m[38;5;249m 
[0m[38;5;249mS[0m[38;5;249mi[0m[38;5;249mG[0m[38;5;249mi[0m[38;5;249mt[0m[38;5;249m,[0m[38;5;249m [0m[3
8;5;249mS[0m[38;5;249mi[0m[38;5;249mG[0m[38;5;249mi[0m[38;5;249mt[0m[38;5;249mh[0m[38;5;249mu[0m[38;5;249
mb[0m[38;5;249m,[0m[38;5;249m [0m[38;5;249mS[0m[38;5;249mi[0m[38;5;249mF[0m[38;5;249mi[0m[38;5;249mg[0m
[38;5;249mm[0m[38;5;249ma[0m[38;5;249m,[0m[38;5;249m [0m[38;5;249mS[0m[38;5;249mi[0m[38;5;249mT[0m[38;5;2
49ma[0m[38;5;249mi[0m[38;5;249ml[0m[38;5;249mw[0m[38;5;249mi[0m[38;5;249mn[0m[38;5;249md[0m[38;5;249mc[0
m[38;5;249ms[0m[38;5;249ms[0m[38;5;249m,[0m[38;5;249m [0m[38;5;249mS[0m[38;5;249mi[0m[38;5;249mT[0m[38;5
;249my[0m[38;5;249mp[0m[38;5;249me[0m[38;5;249ms[0m[38;5;249mc[0m[38;5;249mr[0m[38;5;249mi[0m[38;5;249mp
[0m[38;5;249mt[0m[38;5;249m,[0m[38;5;249m [0m[38;5;249mS[0m[38;5;249mi[0m[38;5;249mN[0m[38;5;249me[0m[38
;5;249mx[0m[38;5;249mt[0m[38;5;249md[0m[38;5;249mo[0m[38;5;249mt[0m[38;5;249mj[0m[38;5;249ms[0m[38;5;249m
,[0m[38;5;249m [0m[38;5;249mS[0m[38;5;249mi[0m[38;5;249mE[0m[38;5;249mx[0m[38;5;249mp[0m[38;5;249mr[0m[
38;5;249me[0m[38;5;249ms[0m[38;5;249ms[0m[38;5;249m,[0m[38;5;249m [0m[38;5;249mS[0m[38;5;249mi[0m[38;5;24
9mP[0m[38;5;249mo[0m[38;5;249ms[0m[38;5;249mt[0m[38;5;249mg[0m[38;5;249mr[0m[38;5;249me[0m[38;5;249ms[0m
[38;5;249mq[0m[38;5;249ml[0m[38;5;249m,[0m[38;5;249m [0m[38;5;249mS[0m[38;5;249mi[0m[38;5;249mD[0m[38;5;
249mo[0m[38;5;249mc[0m[38;5;249mk[0m[38;5;249me[0m[38;5;249mr[0m[38;5;249m,[0m[38;5;249m [0m[38;5;249mS[
0m[38;5;249mi[0m[38;5;249mR[0m[38;5;249me[0m[38;5;249md[0m[38;5;249mi[0m[38;5;249ms[0m[38;5;249m,[0m[38;
5;249m [0m[38;5;249mS[0m[38;5;249mi[0m[38;5;249mP[0m[38;5;249mo[0m[38;5;249ms[0m[38;5;249mt[0m[38;5;249mm
[0m[38;5;249ma[0m[38;5;249mn[0m[38;5;249m,[0m[38;5;249m [0m[38;5;249mS[0m[38;5;249mi[0m[38;5;249mN[0m[3
8;5;249me[0m[38;5;249ms[0m[38;5;249mt[0m[38;5;249mj[0m[38;5;249ms[0m[38;5;249m,[0m[38;5;249m [0m[38;5;249
mS[0m[38;5;249mi[0m[38;5;249mB[0m[38;5;249mi[0m[38;5;249mt[0m[38;5;249mb[0m[38;5;249mu[0m[38;5;249mc[0m
[38;5;249mk[0m[38;5;249me[0m[38;5;249mt[0m[38;5;249m [0m[38;5;249m}[0m[38;5;249m 
[0m[38;5;249mf[0m[38;5;249mr[0m[38;5;249mo[0m[38;5;249mm[0m[38;5;249m [0m[38;5;249m"[0m[38;5;249mr[0m[3
8;5;249me[0m[38;5;249ma[0m[38;5;249mc[0m[38;5;249mt[0m[38;5;249m-[0m[38;5;249mi[0m[38;5;249mc[0m[38;5;249
mo[0m[38;5;249mn[0m[38;5;249ms[0m[38;5;249m/[0m[38;5;249ms[0m[38;5;249mi[0m[38;5;249m"[0m[38;5;249m;[0m
 [38;5;240m  Ôöé[0m                   ÔöÇÔöÇÔöÇÔö¼ÔöÇÔöÇ  
 [38;5;240m  Ôöé[0m                      Ôò░ÔöÇÔöÇÔöÇÔöÇ Missing export
[38;5;246mÔöÇÔöÇÔöÇÔò»[0m
[31m
    at aggregateBindingErrorsIntoJsError 
(file:///D:/MERN-FullStack/01_Projects/Modern-Porfolio/node_modules/rolldown/dist/shared/error-DL-e8-oE.mjs:48:18)
    at unwrapBindingResult 
(file:///D:/MERN-FullStack/01_Projects/Modern-Porfolio/node_modules/rolldown/dist/shared/error-DL-e8-oE.mjs:18:128)
    at #build (file:///D:/MERN-FullStack/01_Projects/Modern-Porfolio/node_modules/rolldown/dist/shared/rolldown-build-D
SxL8qiP.mjs:3317:34)
    at async buildEnvironment 
(file:///D:/MERN-FullStack/01_Projects/Modern-Porfolio/node_modules/vite/dist/node/chunks/node.js:33018:64)
    at async Object.build 
(file:///D:/MERN-FullStack/01_Projects/Modern-Porfolio/node_modules/vite/dist/node/chunks/node.js:33440:19)
    at async Object.buildApp 
(file:///D:/MERN-FullStack/01_Projects/Modern-Porfolio/node_modules/vite/dist/node/chunks/node.js:33437:153)
    at async CAC.<anonymous> 
(file:///D:/MERN-FullStack/01_Projects/Modern-Porfolio/node_modules/vite/dist/node/cli.js:778:3) {
  errors: [Getter/Setter]
}[39m
